// Jest Snapshot v1, https://goo.gl/fbAQLP

exports[`Should render NotFound 1`] = `
<div>
  404! - 
  <NavLink
    activeClassName="active"
    ariaCurrent="true"
    to="/"
  >
    Go home
  </NavLink>
</div>
`;
